---
source: crates/cli/src/commands/add_tui.rs
expression: buffer_text(terminal.backend().buffer())
---
 filter: code_  ✓ 2 selected  1/5
┌ owner/repo ──────────────────┐┌ Preview ↑↓Tab ───────────────────────────────┐
│▶ ○ code-review  📁   skills/  ││skills/code-review                            │
│                              ││                                              │
│                              ││○ Loading preview...                          │
│                              ││                                              │
│                              ││                                              │
│                              ││                                              │
│                              ││                                              │
│                              ││                                              │
│                              ││                                              │
│                              ││                                              │
│                              ││                                              │
│                              ││                                              │
│                              ││                                              │
│                              ││                                              │
│                              ││                                              │
│                              ││                                              │
│                              ││                                              │
│                              ││                                              │
│                              ││                                              │
│                              ││                                              │
│                              ││                                              │
└──────────────────────────────┘└──────────────────────────────────────────────┘
